"d:/projects/games/astrolander-gravity-game/work/fbx/bonus.FBX":"_prod/3837fe6a-3a68-4934-d7ae-d0c72faaf3ea"
"d:/projects/games/astrolander-gravity-game/work/fbx/generic_blocks.FBX":"_prod/79783fab-7ba9-4a75-98ef-110870eb342b"
"d:/projects/games/astrolander-gravity-game/work/fbx/mobiles_items.FBX":"_prod/42410874-4472-433e-e1b8-dad139b4fdf4"
